OOAXAS1 45.93356 -129.99920 57
OOAXAS2 45.93377 -130.01410 41.6
OOAXCC1 45.95468 -130.00890 58
OOAXEC1 45.94958 -129.97970 74
OOAXEC2 45.93967 -129.97380 67
OOAXEC3 45.93607 -129.97850 70
OOAXID1 45.92573 -129.97800 59
2FAX01B 46.01935 -130.00526 2
2FAX02B 46.00111 -130.0293 32
2FAX03B 45.9925 -129.99397 107
2FAX04B 45.98834 -130.04896 55
2FAX05B 45.97327 -129.97728 74
2FAX06B 45.98178 -130.01423 12
2FAX07B 45.9695 -130.02963 11
2FAX08B 45.96336 -130.00441 57
2FAX09B 45.97194 -130.05972 111
2FAX10B 45.95867 -129.94982 23
2FAX11B 45.94851 -130.03801 160
2FAX12B 45.91473 -130.02173 78
2FAX13B 45.90472 -129.9724 20
2FAX14B 45.89913 -130.00612 1
2FAX15A 45.91972 -129.93942 0
