OOAXAS1 45.93356 -129.99920 59.7
OOAXAS2 45.93377 -130.01410 44.3
OOAXCC1 45.95468 -130.00890 60.7
OOAXEC1 45.94958 -129.97970 76.7
OOAXEC2 45.93967 -129.97380 69.7
OOAXEC3 45.93607 -129.97850 72.7
OOAXID1 45.92573 -129.97800 61.7
2FAX01A 46.01933 -130.005375 0
2FAX02A 46.000625 -130.029257 34
2FAX03A 45.992922 -129.992782 102
2FAX04A 45.988743 -130.048395 53
2FAX05A 45.97439 -129.977972 73
2FAX06A 45.982938 -130.014128 9
2FAX07A 45.969067 -130.029852 8
2FAX08A 45.964147 -130.004503 46
2FAX09A 45.97084 -130.062393 103
2FAX10A 45.960338 -129.949987 20
2FAX11A 45.94959 -130.039377 158
2FAX12A 45.915367 -130.021777 73
2FAX13A 45.907817 -129.971555 24
2FAX14A 45.899965 -130.007573 1
2FAX15A 45.91972 -129.93942 0
